16:19:30 **** Incremental Build of configuration Debug for project CMSIS_NN_Test ****
make -j28 all 
arm-none-eabi-gcc "../Core/Src/main.c" -mcpu=cortex-m4 -std=gnu11 -g3 -DDEBUG -DUSE_HAL_DRIVER -DSTM32L4S5xx -c -I../Core/Inc -I"C:/Users/MIT/Documents/edgeai-ml-systems-phase1/phase3/stm32_cube_ai/CMSIS_NN_Test/CMSIS/NN/Include" -I"C:/Users/MIT/Documents/edgeai-ml-systems-phase1/phase3/stm32_cube_ai/CMSIS_NN_Test/CMSIS/Core/Include" -I../Drivers/STM32L4xx_HAL_Driver/Inc -I../Drivers/STM32L4xx_HAL_Driver/Inc/Legacy -I../Drivers/CMSIS/Device/ST/STM32L4xx/Include -I../Drivers/CMSIS/Include -O0 -ffunction-sections -fdata-sections -Wall -fstack-usage -fcyclomatic-complexity -MMD -MP -MF"Core/Src/main.d" -MT"Core/Src/main.o" --specs=nano.specs -mfpu=fpv4-sp-d16 -mfloat-abi=hard -mthumb -o "Core/Src/main.o"
arm-none-eabi-gcc -o "CMSIS_NN_Test.elf" @"objects.list"   -mcpu=cortex-m4 -T"C:\Users\MIT\Documents\edgeai-ml-systems-phase1\phase3\stm32_cube_ai\CMSIS_NN_Test\STM32L4S5VITX_FLASH.ld" --specs=nosys.specs -Wl,-Map="CMSIS_NN_Test.map" -Wl,--gc-sections -static --specs=nano.specs -mfpu=fpv4-sp-d16 -mfloat-abi=hard -mthumb -Wl,--start-group -lc -lm -Wl,--end-group
Finished building target: CMSIS_NN_Test.elf
 
arm-none-eabi-size  CMSIS_NN_Test.elf 
arm-none-eabi-objdump -h -S CMSIS_NN_Test.elf  > "CMSIS_NN_Test.list"
   text	   data	    bss	    dec	    hex	filename
  49800	    104	   2056	  51960	   caf8	CMSIS_NN_Test.elf
Finished building: default.size.stdout
 
Finished building: CMSIS_NN_Test.list
 
16:19:38 **** Incremental Build of configuration Debug for project CMSIS_NN_Test ****
make -j28 all 
arm-none-eabi-size  CMSIS_NN_Test.elf 
   text	   data	    bss	    dec	    hex	filename
  49800	    104	   2056	  51960	   caf8	CMSIS_NN_Test.elf
Finished building: default.size.stdout
 
